# pfam_scan.pl,  run at Mon Jul  6 08:38:07 2020
#
# Copyright (c) 2009 Genome Research Ltd
# Freely distributed under the GNU
# General Public License
#
# Authors: Jaina Mistry (jaina@ebi.ac.uk),
#          Rob Finn (rdf@ebi.ac.uk)
#
# This is free software; you can redistribute it and/or modify it under
# the terms of the GNU General Public License as published by the Free Software
# Foundation; either version 2 of the License, or (at your option) any later version.
# This program is distributed in the hope that it will be useful, but WITHOUT
# ANY WARRANTY; without even the implied warranty of MERCHANTABILITY or FITNESS
# FOR A PARTICULAR PURPOSE. See the GNU General Public License for more
# details.
#
# You should have received a copy of the GNU General Public License along with
# this program. If not, see <http://www.gnu.org/licenses/>.
# = = = = = = = = = = = = = = = = = = = = = = = = = = = = = = = = = = = = = = = =
#      query sequence file: pfamscan-R20200706-083804-0592-14923440-p2m.sequence
#     cpu number specified: 4
#        searching against: //nfs/public/ro/es/newdata/prod/flatfiles/pfam//Pfam-A.hmm, with cut off --cut_ga
#    resolve clan overlaps: on
#     predict active sites: off
# = = = = = = = = = = = = = = = = = = = = = = = = = = = = = = = = = = = = = = = =
#
# <seq id> <alignment start> <alignment end> <envelope start> <envelope end> <hmm acc> <hmm name> <type> <hmm start> <hmm end> <hmm length> <bit score> <E-value> <significance> <clan>

EMBOSS_001     29    209     29    209 PF06652.12  Methuselah_N      Domain     1   179   179    233.1     2e-69   1 No_clan
EMBOSS_001    218    470    214    470 PF00002.24  7tm_2             Family     8   246   246     54.4     1e-14   1 CL0192
